// Vitest Snapshot v1, https://vitest.dev/guide/snapshot.html

exports[`complex return types detection > grouped format > should match snapshot 1`] = `
"Extracting functions from TypeScript files...

Glob execution time: 1s
Parse time: 1s
Function extraction complete!

============================================================

[2mLegend:[22m
  [36mname()[39m - Functions and arrow functions
  [33mname()[39m - Methods and constructors

[2mcomplex.ts[22m
  [2m 1[22m [36mgetData[39m[2m()[22m[2m:[22m [36mPromise<{ result: T[]; metadata: { count: number; hasMore: boolean; }; }>[39m
  [2m14[22m [36mcreateResponse[39m[2m()[22m[2m:[22m [36m{ data: U; status: "success" | "error"; errors?: string[]; }[39m

============================================================


Total: 2 functions found in 1 files
Time: 5.00 seconds
"
`;
