// Vitest Snapshot v1, https://vitest.dev/guide/snapshot.html

exports[`class methods detection > grouped format > should match snapshot 1`] = `
"Extracting functions from TypeScript files...

Glob execution time: 1s
Parse time: 1s
Function extraction complete!

============================================================

[2mLegend:[22m
  [36mname()[39m - Functions and arrow functions
  [33mname()[39m - Methods and constructors

[2mclass.ts[22m
  [2m 2[22m [33mconstructor[39m[2m([22m[33ma[39m[2m:[22m [33mstring[39m[2m,[22m [33mb[39m[2m:[22m [33mnumber[39m[2m)[22m
  [2m 7[22m [33mmethodOne[39m[2m([22m[33mx[39m[2m:[22m [33mstring[39m[2m)[22m[2m:[22m [33mvoid[39m
  [2m11[22m [33mmethodTwo[39m[2m([22m[33my[39m[2m:[22m [33mnumber[39m[2m,[22m [33mz[39m[2m:[22m [33mboolean[39m[2m)[22m[2m:[22m [33mstring[39m
  [2m17[22m [33mstaticMethod[39m[2m([22m[33mparam[39m[2m:[22m [33mstring[][39m[2m)[22m[2m:[22m [33mnumber[39m

============================================================


Total: 4 functions found in 1 files
Time: 5.00 seconds
"
`;
